╔══════════════════════════════════════╗
║       🚀 FFirefly Launching...       ║
║        Launched at 15:29:52          ║
╚══════════════════════════════════════╝
  Activating project at `~/Research/FFirefly/jlpkg/Firefly`
Starting serial run at: 2025-11-02 15:29:53.342483
Warning: could not identify MPI environment!
Beginning Self-Consistent Loop
0) Max G(iw,k) diff = 1.3727e-01, U*max(Chi) = 0.8738
1) Max G(iw,k) diff = 1.0707e-01, U*max(Chi) = 0.8686
2) Max G(iw,k) diff = 8.3628e-02, U*max(Chi) = 0.8646
3) Max G(iw,k) diff = 6.5371e-02, U*max(Chi) = 0.8614
4) Max G(iw,k) diff = 5.1130e-02, U*max(Chi) = 0.8589
5) Max G(iw,k) diff = 4.0008e-02, U*max(Chi) = 0.8570
6) Max G(iw,k) diff = 3.1315e-02, U*max(Chi) = 0.8555
7) Max G(iw,k) diff = 2.4515e-02, U*max(Chi) = 0.8542
8) Max G(iw,k) diff = 1.9194e-02, U*max(Chi) = 0.8533
9) Max G(iw,k) diff = 1.5029e-02, U*max(Chi) = 0.8525
10) Max G(iw,k) diff = 1.1768e-02, U*max(Chi) = 0.8520
11) Max G(iw,k) diff = 9.2151e-03, U*max(Chi) = 0.8515
12) Max G(iw,k) diff = 7.2156e-03, U*max(Chi) = 0.8511
13) Max G(iw,k) diff = 5.6498e-03, U*max(Chi) = 0.8508
14) Max G(iw,k) diff = 4.4234e-03, U*max(Chi) = 0.8506
15) Max G(iw,k) diff = 3.4630e-03, U*max(Chi) = 0.8504
16) Max G(iw,k) diff = 2.7110e-03, U*max(Chi) = 0.8503
17) Max G(iw,k) diff = 2.1220e-03, U*max(Chi) = 0.8502
18) Max G(iw,k) diff = 1.6608e-03, U*max(Chi) = 0.8501
19) Max G(iw,k) diff = 1.2998e-03, U*max(Chi) = 0.8500
20) Max G(iw,k) diff = 1.0171e-03, U*max(Chi) = 0.8500
21) Max G(iw,k) diff = 7.9576e-04, U*max(Chi) = 0.8499
22) Max G(iw,k) diff = 6.2254e-04, U*max(Chi) = 0.8499
23) Max G(iw,k) diff = 4.8696e-04, U*max(Chi) = 0.8499
24) Max G(iw,k) diff = 3.8086e-04, U*max(Chi) = 0.8498
25) Max G(iw,k) diff = 2.9784e-04, U*max(Chi) = 0.8498
26) Max G(iw,k) diff = 2.3288e-04, U*max(Chi) = 0.8498
27) Max G(iw,k) diff = 1.8206e-04, U*max(Chi) = 0.8498
28) Max G(iw,k) diff = 1.4231e-04, U*max(Chi) = 0.8498
29) Max G(iw,k) diff = 1.1122e-04, U*max(Chi) = 0.8498
30) Max G(iw,k) diff = 8.6914e-05, U*max(Chi) = 0.8498
31) Max G(iw,k) diff = 6.7906e-05, U*max(Chi) = 0.8498
32) Max G(iw,k) diff = 5.3047e-05, U*max(Chi) = 0.8498
33) Max G(iw,k) diff = 4.1432e-05, U*max(Chi) = 0.8498
34) Max G(iw,k) diff = 3.2355e-05, U*max(Chi) = 0.8498
35) Max G(iw,k) diff = 2.5261e-05, U*max(Chi) = 0.8498
36) Max G(iw,k) diff = 1.9720e-05, U*max(Chi) = 0.8498
37) Max G(iw,k) diff = 1.5391e-05, U*max(Chi) = 0.8498
38) Max G(iw,k) diff = 1.2010e-05, U*max(Chi) = 0.8498
39) Max G(iw,k) diff = 9.3809e-06, U*max(Chi) = 0.8498
40) Max G(iw,k) diff = 7.3291e-06, U*max(Chi) = 0.8498
41) Max G(iw,k) diff = 5.7251e-06, U*max(Chi) = 0.8498
42) Max G(iw,k) diff = 4.4713e-06, U*max(Chi) = 0.8498
43) Max G(iw,k) diff = 3.4915e-06, U*max(Chi) = 0.8498
44) Max G(iw,k) diff = 2.7259e-06, U*max(Chi) = 0.8498
45) Max G(iw,k) diff = 2.1277e-06, U*max(Chi) = 0.8498
46) Max G(iw,k) diff = 1.6605e-06, U*max(Chi) = 0.8498
47) Max G(iw,k) diff = 1.2956e-06, U*max(Chi) = 0.8498
48) Max G(iw,k) diff = 1.0107e-06, U*max(Chi) = 0.8498
49) Max G(iw,k) diff = 7.8830e-07, U*max(Chi) = 0.8498
Convergence achieved.
Final Max Chi: 0.8498
Final Max Vertex: 7.8639
Final U*max(Chi): 0.8498
Final U: 1.0000
Diagram(w) saved to ./triqs_G_w.h5
Diagram saved to ./triqs_G.h5
Diagram saved to ./triqs_chi.h5
Diagram saved to ./triqs_vertex.h5
Diagram saved to ./triqs_sigma.h5
Diagram(w) saved to ./triqs_sigma_w.h5
Starting Many-Body Calculation

╔══════════════════════════════════════╗
║         🏁 FFirefly Landed.          ║
║          Runtime: 00:00:31           ║
╚══════════════════════════════════════╝
